// Jest Snapshot v1, https://goo.gl/fbAQLP

exports[`Link renders correctly 1`] = `
<div
  className="sc-bdVaJa EDcTo"
>
  <div
    className="sc-bwzfXH eZCHCE"
  >
    @ 2018
  </div>
  <div
    className="sc-htpNat blPPzL"
  >
    <a
      className="sc-bxivhb cTlsng"
      href="https://github.com/BoBinLee"
      target="_blank"
    >
      <svg
        fill="currentColor"
        height={20}
        preserveAspectRatio="xMidYMid meet"
        style={
          Object {
            "color": undefined,
            "verticalAlign": "middle",
          }
        }
        viewBox="0 0 40 40"
        width={20}
      >
        <g>
          <path
            d="m36.8 10.8c0.3-0.7 1.3-3.9-0.4-8.2 0 0-2.6-0.9-8.6 3.2-2.5-0.7-5.1-0.8-7.8-0.8-2.7 0-5.3 0.1-7.8 0.8-6-4.1-8.6-3.2-8.6-3.2-1.7 4.3-0.7 7.5-0.4 8.2-2 2.2-3.2 5-3.2 8.4 0 12.9 8.3 15.8 20 15.8 11.6 0 20-2.9 20-15.8 0-3.4-1.2-6.2-3.2-8.4z m-16.8 21.7c-8.3 0-15-0.3-15-8.3 0-2 1-3.7 2.6-5.2 2.7-2.5 7.2-1.2 12.4-1.2 5.2 0 9.7-1.3 12.4 1.2 1.6 1.5 2.6 3.2 2.6 5.1 0 8.1-6.7 8.4-15 8.4z m-6.3-12.5c-1.6 0-3 2-3 4.5s1.4 4.4 3 4.4c1.7 0 3-2 3-4.4s-1.3-4.5-3-4.5z m12.6 0c-1.7 0-3 2-3 4.5s1.3 4.4 3 4.4 3-2 3-4.4c0-2.5-1.4-4.5-3-4.5z"
          />
        </g>
      </svg>
    </a>
    <a
      className="sc-bxivhb cTlsng"
      href="mailto:globaldev@naver.com"
      target="_blank"
    >
      <svg
        fill="currentColor"
        height={20}
        preserveAspectRatio="xMidYMid meet"
        style={
          Object {
            "color": undefined,
            "verticalAlign": "middle",
          }
        }
        viewBox="0 0 40 40"
        width={20}
      >
        <g>
          <path
            d="m36.6 20v-10h-13.2v10h13.2z m-13.2 10v-1.6c0-3.4-6.7-5.2-10-5.2s-10 1.8-10 5.2v1.6h20z m-10-20c-2.8 0-5 2.3-5 5s2.2 5 5 5 5-2.3 5-5-2.3-5-5-5z m23.2-5c1.8 0 3.4 1.6 3.4 3.4v23.2c0 1.8-1.6 3.4-3.4 3.4h-33.2c-1.8 0-3.4-1.6-3.4-3.4v-23.2c0-1.8 1.6-3.4 3.4-3.4h33.2z m-1.6 8.4l-5 3.2-5-3.2v-1.8l5 3.4 5-3.4v1.8z"
          />
        </g>
      </svg>
    </a>
  </div>
</div>
`;
